
> chatsphere@0.1.0 build D:\Work\NEXT-JS\Project\chat-application
> next build

Γû▓ Next.js 16.1.6 (Turbopack)

ΓÜá The "middleware" file convention is deprecated. Please use "proxy" instead. Learn more: https://nextjs.org/docs/messages/middleware-to-proxy
  Creating an optimized production build ...
Error: Cannot apply unknown utility class `font-sans`
    [at onInvalidCandidate (D:\Work\NEXT-JS\Project\chat-application\node_modules\.pnpm\tailwindcss@4.2.1\node_modules\tailwindcss\dist\lib.js:21:1511)]
    [at Ee (D:\Work\NEXT-JS\Project\chat-application\node_modules\.pnpm\tailwindcss@4.2.1\node_modules\tailwindcss\dist\lib.js:16:37066)]
    [at D:\Work\NEXT-JS\Project\chat-application\node_modules\.pnpm\tailwindcss@4.2.1\node_modules\tailwindcss\dist\lib.js:21:355]
    [at Pr (D:\Work\NEXT-JS\Project\chat-application\node_modules\.pnpm\tailwindcss@4.2.1\node_modules\tailwindcss\dist\lib.js:3:1733)]
    [at _ (D:\Work\NEXT-JS\Project\chat-application\node_modules\.pnpm\tailwindcss@4.2.1\node_modules\tailwindcss\dist\lib.js:3:1377)]
    [at Te (D:\Work\NEXT-JS\Project\chat-application\node_modules\.pnpm\tailwindcss@4.2.1\node_modules\tailwindcss\dist\lib.js:21:172)]
    [at pn (D:\Work\NEXT-JS\Project\chat-application\node_modules\.pnpm\tailwindcss@4.2.1\node_modules\tailwindcss\dist\lib.js:38:294)]
    [at async dn (D:\Work\NEXT-JS\Project\chat-application\node_modules\.pnpm\tailwindcss@4.2.1\node_modules\tailwindcss\dist\lib.js:38:631)]
    [at async Xr (D:\Work\NEXT-JS\Project\chat-application\node_modules\.pnpm\@tailwindcss+node@4.2.1\node_modules\@tailwindcss\node\dist\index.js:10:3417)]
    [at async N (D:\Work\NEXT-JS\Project\chat-application\node_modules\.pnpm\@tailwindcss+postcss@4.2.1\node_modules\@tailwindcss\postcss\dist\index.js:10:3979)]

> Build error occurred
Error: Turbopack build failed with 1 errors:
./app/globals.css
Error evaluating Node.js code
CssSyntaxError: tailwindcss: D:\Work\NEXT-JS\Project\chat-application\app\globals.css:1:1: Cannot apply unknown utility class `font-sans`
    at Input.error (node_modules/.pnpm/postcss@8.4.31/node_modules/postcss/lib/input.js:106:16) [D:\Work\NEXT-JS\Project\chat-application\.next\build\chunks\node_modules__pnpm_56ec7204._.js:4132:22]
    at Root.error (node_modules/.pnpm/postcss@8.4.31/node_modules/postcss/lib/node.js:115:32) [D:\Work\NEXT-JS\Project\chat-application\.next\build\chunks\node_modules__pnpm_56ec7204._.js:895:38]
    [at Object.Once (D:\Work\NEXT-JS\Project\chat-application\node_modules\.pnpm\@tailwindcss+postcss@4.2.1\node_modules\@tailwindcss\postcss\dist\index.js:10:6913)]
    at async LazyResult.runAsync (node_modules/.pnpm/postcss@8.4.31/node_modules/postcss/lib/lazy-result.js:261:11) [D:\Work\NEXT-JS\Project\chat-application\.next\build\chunks\node_modules__pnpm_56ec7204._.js:6052:21]
    at async transform (turbopack:///[turbopack-node]/transforms/postcss.ts:70:34) [D:\Work\NEXT-JS\Project\chat-application\.next\build\chunks\[root-of-the-server]__51225daf._.js:146:36]
    at async run (turbopack:///[turbopack-node]/ipc/evaluate.ts:92:23) [D:\Work\NEXT-JS\Project\chat-application\.next\build\chunks\[root-of-the-server]__974941ed._.js:443:31]

Import trace:
  Client Component Browser:
    ./app/globals.css [Client Component Browser]
    ./app/layout.tsx [Server Component]


    at async transform (turbopack:///[turbopack-node]/transforms/postcss.ts:70:34) [D:\Work\NEXT-JS\Project\chat-application\.next\build\chunks\[root-of-the-server]__51225daf._.js:146:36])
    at async run (turbopack:///[turbopack-node]/ipc/evaluate.ts:92:23) [D:\Work\NEXT-JS\Project\chat-application\.next\build\chunks\[root-of-the-server]__974941ed._.js:443:31])
ΓÇëELIFECYCLEΓÇë Command failed with exit code 1.
