
> chatsphere@0.1.0 build D:\Work\NEXT-JS\Project\chat-application
> next build

Γû▓ Next.js 16.1.6 (Turbopack)

ΓÜá The "middleware" file convention is deprecated. Please use "proxy" instead. Learn more: https://nextjs.org/docs/messages/middleware-to-proxy
  Creating an optimized production build ...
Γ£ô Compiled successfully in 3.9s
  Running TypeScript ...
  Collecting page data using 11 workers ...
  Generating static pages using 11 workers (0/8) ...
  Generating static pages using 11 workers (2/8) 
  Generating static pages using 11 workers (4/8) 
  Generating static pages using 11 workers (6/8) 
Γ£ô Generating static pages using 11 workers (8/8) in 698.0ms
  Finalizing page optimization ...

Route (app)
Γöî Γùï /
Γö£ Γùï /_not-found
Γö£ Γùï /chat
Γö£ Γùï /login
Γö£ Γùï /profile
Γöö Γùï /register


╞Æ Proxy (Middleware)

Γùï  (Static)  prerendered as static content

