.next/dev/types/validator.ts(153,31): error TS2344: Type 'typeof import("D:/Work/NEXT-JS/Project/chat-application/app/api/chats/dm/route")' does not satisfy the constraint 'RouteHandlerConfig<"/api/chats/dm">'.
  Types of property 'POST' are incompatible.
    Type 'AsyncRouteHandler' is not assignable to type '(request: NextRequest, context: { params: Promise<{}>; }) => void | Response | Promise<void | Response>'.
      Types of parameters 'req' and 'request' are incompatible.
        Property 'user' is missing in type 'NextRequest' but required in type 'AuthenticatedRequest'.
.next/dev/types/validator.ts(162,31): error TS2344: Type 'typeof import("D:/Work/NEXT-JS/Project/chat-application/app/api/chats/route")' does not satisfy the constraint 'RouteHandlerConfig<"/api/chats">'.
  Types of property 'GET' are incompatible.
    Type 'AsyncRouteHandler' is not assignable to type '(request: NextRequest, context: { params: Promise<{}>; }) => void | Response | Promise<void | Response>'.
      Types of parameters 'req' and 'request' are incompatible.
        Property 'user' is missing in type 'NextRequest' but required in type 'AuthenticatedRequest'.
.next/dev/types/validator.ts(180,31): error TS2344: Type 'typeof import("D:/Work/NEXT-JS/Project/chat-application/app/api/users/search/route")' does not satisfy the constraint 'RouteHandlerConfig<"/api/users/search">'.
  Types of property 'GET' are incompatible.
    Type 'AsyncRouteHandler' is not assignable to type '(request: NextRequest, context: { params: Promise<{}>; }) => void | Response | Promise<void | Response>'.
      Types of parameters 'req' and 'request' are incompatible.
        Property 'user' is missing in type 'NextRequest' but required in type 'AuthenticatedRequest'.
.next/types/validator.ts(153,31): error TS2344: Type 'typeof import("D:/Work/NEXT-JS/Project/chat-application/app/api/chats/dm/route")' does not satisfy the constraint 'RouteHandlerConfig<"/api/chats/dm">'.
  Types of property 'POST' are incompatible.
    Type 'AsyncRouteHandler' is not assignable to type '(request: NextRequest, context: { params: Promise<{}>; }) => void | Response | Promise<void | Response>'.
      Types of parameters 'req' and 'request' are incompatible.
        Property 'user' is missing in type 'NextRequest' but required in type 'AuthenticatedRequest'.
.next/types/validator.ts(162,31): error TS2344: Type 'typeof import("D:/Work/NEXT-JS/Project/chat-application/app/api/chats/route")' does not satisfy the constraint 'RouteHandlerConfig<"/api/chats">'.
  Types of property 'GET' are incompatible.
    Type 'AsyncRouteHandler' is not assignable to type '(request: NextRequest, context: { params: Promise<{}>; }) => void | Response | Promise<void | Response>'.
      Types of parameters 'req' and 'request' are incompatible.
        Property 'user' is missing in type 'NextRequest' but required in type 'AuthenticatedRequest'.
.next/types/validator.ts(180,31): error TS2344: Type 'typeof import("D:/Work/NEXT-JS/Project/chat-application/app/api/users/search/route")' does not satisfy the constraint 'RouteHandlerConfig<"/api/users/search">'.
  Types of property 'GET' are incompatible.
    Type 'AsyncRouteHandler' is not assignable to type '(request: NextRequest, context: { params: Promise<{}>; }) => void | Response | Promise<void | Response>'.
      Types of parameters 'req' and 'request' are incompatible.
        Property 'user' is missing in type 'NextRequest' but required in type 'AuthenticatedRequest'.
